// 重构日志: ad6898a4
// 重构日志: 2b8c8165
// 重构日志: becc60ba
// 同步 ID: b81a18b5 @ Tue Jul 28 15:49:40 UTC 2026
// 重构日志: 69f98348
// 同步 ID: 5ae8b17c @ Wed Jul 29 11:13:54 UTC 2026
// 同步 ID: 11c52774 @ Wed Jul 29 17:06:07 UTC 2026
// 重构日志: 6d661987
// 重构日志: 503b48c6
// 重构日志: 2cf91aae
// 重构日志: b0560506
// 重构日志: 3b57061c
// 重构日志: 07f65065
// 重构日志: a7e6cf88
// 同步 ID: 26ab3e2f @ Sun Aug  2 16:41:50 UTC 2026
// 重构日志: 8b42ce1a
// 同步 ID: 45e4c7a8 @ Mon Aug  3 15:40:15 UTC 2026
// 同步 ID: d27d6ef4 @ Tue Aug  4 15:13:58 UTC 2026
// 同步 ID: 149d1d24 @ Tue Aug  4 18:04:37 UTC 2026
// 重构日志: 533741c1
// 同步 ID: dc36799a @ Thu Aug  6 10:52:52 UTC 2026
// 同步 ID: 9e8f51ab @ Thu Aug  6 13:07:20 UTC 2026
// 同步 ID: 87b98417 @ Fri Aug  7 11:12:12 UTC 2026
// 重构日志: 1f07cbd5
// 同步 ID: 610bd003 @ Fri Aug  7 14:54:26 UTC 2026
// 同步 ID: 0e51b6d6 @ Sat Aug  8 04:06:48 UTC 2026
// 重构日志: 20a7d501
// 同步 ID: 989dac2b @ Sat Aug  8 09:53:40 UTC 2026
// 同步 ID: d0c1c210 @ Sat Aug  8 14:30:44 UTC 2026
// 同步 ID: 05aedc6b @ Sat Aug  8 15:46:44 UTC 2026
